Traceback (most recent call last):
  File "C:\installations\aiprojects\ap-invoice-agent\scripts\run_test.py", line 8, in <module>
    exec(code)
  File "<string>", line 39, in <module>
  File "C:\installations\aiprojects\ap-invoice-agent\.venv\Lib\site-packages\typing_extensions.py", line 3004, in wrapper
    return arg(*args, **kwargs)
           ^^^^^^^^^^^^^^^^^^^^
  File "C:\installations\aiprojects\ap-invoice-agent\.venv\Lib\site-packages\langgraph\prebuilt\chat_agent_executor.py", line 529, in create_react_agent
    raise TypeError(
TypeError: create_react_agent() got unexpected keyword arguments: {'state_modifier': 'You are an expert ERP Validation Agent.\nYou receive extracted data from an invoice. Your job is to call the necessary tools to validate the data.\nAlways validate VAT and SIRET.\nReturn the final validation results matching the ValidationOutputSchema.'}
